adult film
adult movie
adult video
amateur
amateurs
amatuer
amature
amputee
anal
anus
ar5e
arrse
arse
a_s_s
ass
asses
ass-fucker
assfucker
assfukka
asshole
assholes
asswhole
b00bs
b17ch
b1tch
backroom
ballbag
ballsack
bangbros
bangbros.com
bangbus
bara
barely legal
bastard
bdsm
beastial
beastiality
bellend
bestial
bestiality
biatch
bi+ch
bigboobs
bigtits
bisexual
bitch
bitcher
bitchers
bitches
bitchin
bitching
blow job
blowjob
blowjobs
boiolas
bollock
bollok
bondage
boner
boob
boobies
boobs
booby
boobys
booobs
boooobs
booooobs
booooooobs
booty
bound and gagged
bound & gagged
breast
breasts
b!tch
buceta
bugger
bukakke
bukkake
bunny fucker
butt
butthole
buttmuch
buttocks
buttplug
c0ck
c0cksucer
c0cksucker
cameltoe
carpet muncher
cawk
cheat
chink
cipa
cl1t
clit
clitoris
clits
cnut
cock
cockface
cockhead
cockmunch
cockmuncher
cocks
cocksuck 
cocksucked 
cock-sucker
cocksucker
cocksucking
cocksucks 
cocksuka
cocksukka
coitus
cok
cokmuncher
coksucka
condom
coon
cowgirl
cox
creampie
cuck
cuck-old
cuckold
cum
cummer
cumming
cumpilation
cums
cum-shot
cumshot
cunilingus
cunillingus
cunnilingus
cunt
cuntlick
cuntlick 
cuntlicker 
cuntlicking 
cunts
cyalis
cyberfuc
cyberfuck
cyberfuck 
cyberfucked 
cyberfucker
cyberfuckers
cyberfucking 
d1ck
damn
deap
deap throat
deap-throat
deapthroat
deap throating
deap-throating
deapthroating
deep thraot
deep-thraot
deepthraot
deep thraoting
deep-thraoting
deepthraoting
deep throat
deep-throat
deepthroat
deep throating
deep-throating
deepthroating
deprav
dick
dickhead
dildo
dildos
dink
dinks
dirsa
dlck
dog-fucker
doggin
dogging
donkeyribber
doosh
duche
dyke
ebony
e-hentai
ejaculate
ejaculated
ejaculates
ejaculates 
ejaculating
ejaculating 
ejaculatings
ejaculation
ejakulate
emetophilia
erection
erections
erotic
erotica
erotik
escort
explicit
f4nny
facefuck
facesitting
fag
fagging
faggitt
faggot
faggs
fagot
fagots
fags
fanny
fannyflaps
fannyfucker
fanyy
fatass
fatty
fcuk
fcuker
fcuking
feck
fecker
felching
fellate
fellatio
femdom
femdon
fetisch
fetish
fingerfuck
fingerfuck 
fingerfucked
fingerfucked 
fingerfucker
fingerfucker 
fingerfuckers
fingerfucking
fingerfucking 
fingerfucks
fingerfucks 
fingering
fistfuck
fistfucked
fistfucked 
fistfucker
fistfucker 
fistfuckers
fistfuckers 
fistfucking
fistfucking 
fistfuckings
fistfuckings 
fistfucks
fistfucks 
fisting
flange
fook
fooker
footjob
f u c k
f_u_c_k
fuck
fucka
fucked
f u c k e r
fucker
fuckers
fuckfest
fuckhead
fuckheads
fuckin
fucking
fuckings
fuckingshitmotherfucker
fuckme
fuckme 
fucks
fuckwhit
fuckwit
fudge packer
fudgepacker
fuk
fuker
fukker
fukkin
fuks
fukwhit
fukwit
futanari
fux
fux0r
gagged
gangbang
gangbanged
gangbanged 
gangbangs
gangbangs 
gapping
gaysex
glory hole
gloryhole
goatse
gore
granny
guro
handjob
handjobs
hardcoresex
hardcoresex 
hard-on
hardon
hentai
heshe
hidden camera
hoar
hoare
hoer
homo
hore
horniest
horny
hotsex
humping
hustler
incest
interracial
intimate
jack-off 
jackoff
jap
jerking
jerking off
jerk-off 
jism
jiz 
jizm 
jizo
jizz
kawk
kidnapped
kinky
kondum
kondums
kum
kummer
kumming
kums
kunilingus
l3i+ch
l3itch
labia
lesbian
lolicon 
luscious
lust
lusting
lusty
m0f0
m0fo
m45terbate
ma5terb8
ma5terbate
maledom
masochist
massagesex
masterb8
masterbat
masterbat*
masterbat3
master-bate
masterbate
masterbating
masterbation
masterbations
masturbate
masturbating
masturbation
mature
mens club
menstral
menstraul
menstrual
milf
milking
mof0
mo-fo
mofo
mothafuck
mothafucka
mothafuckas
mothafuckaz
mothafucked
mothafucked 
mothafucker
mothafuckers
mothafuckin
mothafucking
mothafucking 
mothafuckings
mothafucks
motherfuck
motherfucked
mother fucker
motherfucker
motherfuckers
motherfuckin
motherfucking
motherfuckings
motherfuckka
motherfucks
muff
muthafecker
muthafuckker
mutherfucker
n1gga
n1gger
naked
naughty
nazi
nigg3r
nigg4h
nigga
niggah
niggas
niggaz
nigger
niggers 
nob
nobhead
nobjocky
nob jokey
nobjokey
nude
numbnuts
nutsack
oral
orgasam
orgasim 
orgasims 
orgasm
orgasms 
orgie
orgy
p0rn
panties
panty
pearl necklace
pecker
pegging
penetration
penis
penisfucker
perverse
phonesex
phuck
phuk
phuked
phuking
phukked
phukking
phuks
phuq
pigfucker
pimpis
piss
pissed
pisser
pissers
pisses 
pissflaps
pissin 
pissing
pissoff 
playboy
playgirl
playguy
poop
porn
pornagraphy
pornhub
porno
pornography
pornos
pov
preggo
pregnant
prick
pricks 
pron
pube
pubic
pusse
pussi
pussies
pussy
pussys 
rape
rectum
retard
rimjaw
rimjob
rimming
sadist
scat
schlong
screwing
scroat
scrote
scrotum
semen
sex
sexting
sexual
sexy
sh!+
sh1t
shag
shagger
shaggin
shagging
shemale
shi+
s hit
s_h_i_t
shit
shitdick
shite
shited
shitey
shitfuck
shitfull
shithead
shiting
shitings
shits
shitted
shitter
shitters 
shitting
shittings
shitty 
sh!t
skank
slut
sluts
slutty
smegma
smut
snatch
snuf
snuff
s.o.b.
son-of-a-bitch
spac
spank
spankbang
spanking
sperm
spunk
squirt
squirters
squirting
stocking
strap-on
strapon
stripper
striptease
swapping
swinger
swingers
t1tt1e5
t1tties
teen
teets
teez
testical
testicle
threesome
throbbing
tit
titfuck
tits
titt
tittie5
tittiefucker
titties
titts
titty
tittyfuck
tittywank
titwank
tosser
trangender
transexual
transgender
transman
transsexual
tw4t
twat
twathead
twatty
twink
twunt
twunter
unclothed
upskirt
urethra
urethral
v14gra
v1gra
vagina
vaginal
viagra
virgin
vulva
w00se
wank
wanker
wanky
whoar
whore
willies
willy
wore
x-rated
xrated
xx
xxx
yaoi
yif
yiff
yiffy
youporn
yuri
